<?xml version="1.0" encoding="UTF-8"?>
<testsuites name="jest tests" tests="1" failures="0" errors="0" time="0.545">
  <testsuite name="AppController" errors="0" failures="0" skipped="0" timestamp="2025-09-10T14:55:21" time="0.383" tests="1">
    <testcase classname="AppController root should return &quot;Hello World!&quot;" name="AppController root should return &quot;Hello World!&quot;" time="0.006">
    </testcase>
  </testsuite>
</testsuites>